#-----------------------------------------------------------
# Vivado v2024.1 (64-bit)
# SW Build 5076996 on Wed May 22 18:37:14 MDT 2024
# IP Build 5075265 on Wed May 22 21:45:21 MDT 2024
# SharedData Build 5076995 on Wed May 22 18:29:18 MDT 2024
# Start of session at: Tue Nov 26 19:45:25 2024
# Process ID: 8000
# Current directory: D:/Projects/verilog_learn/Learn/Learn.runs/synth_1
# Command line: vivado.exe -log light.vds -product Vivado -mode batch -messageDb vivado.pb -notrace -source light.tcl
# Log file: D:/Projects/verilog_learn/Learn/Learn.runs/synth_1/light.vds
# Journal file: D:/Projects/verilog_learn/Learn/Learn.runs/synth_1\vivado.jou
# Running On        :CHEN-DESKTOP
# Platform          :Windows Server 2016 or Windows 10
# Operating System  :22631
# Processor Detail  :Intel(R) Core(TM) i9-14900KF
# CPU Frequency     :3187 MHz
# CPU Physical cores:24
# CPU Logical cores :32
# Host memory       :34190 MB
# Swap memory       :2684 MB
# Total Virtual     :36875 MB
# Available Virtual :17657 MB
#-----------------------------------------------------------
source light.tcl -notrace
